[chrome] fetching 100 random en.wikipedia titles…
[chrome] got 100 titles in 687ms
[chrome] launching /Applications/Google Chrome.app/Contents/MacOS/Google Chrome
[chrome]   --remote-debugging-port=64633
[chrome]   --user-data-dir=/var/folders/60/qbk4lgfj1gz04mcdybvtv1s40000gn/T/wiki-chrome-DYuBwx
[chrome] opening 8 tabs…
[chrome] 8 tabs ready in 694ms
  [t7] (1/100) Brežani (Srebrenica) — 1592ms, 183.5KiB
  [t7] (2/100) Timothy Taylor (art dealer) — 1201ms, 73.0KiB
  [t7] (3/100) Mama Manchu Alludu Kanchu — 888ms, 292.5KiB
  [t7] (4/100) Moletsane High School — 2130ms, 577.5KiB
  [t7] (5/100) Scott Gray (rugby union) — 1617ms, 78.0KiB
  [t7] (6/100) List of United States representatives in the 107th Congress — 604ms, 425.5KiB
  [t7] (7/100) Perfect Match (novel) — 536ms, 293.0KiB
  [t7] (8/100) Wally Lewis — 285ms, 321.4KiB
  [t7] (9/100) Canutus Hahn — 772ms, 269.7KiB
  [t7] (10/100) Makinavaja, el último choriso — 1228ms, 286.2KiB
  [t5] (11/100) Pacaembu — 11133ms, 102.0KiB
  [t4] (12/100) Prince Edward Island Regiment — 11137ms, 236.9KiB
  [t3] (13/100) Francesco Ramírez — 11496ms, 82.4KiB
  [t7] (14/100) Tetrastichus planipennisi — 837ms, 280.3KiB
  [t0] (15/100) Pixian East railway station — 11698ms, 122.6KiB
  [t1] (16/100) Results of the 2014 Victorian state election (Legislative Council) — 12543ms, 175.1KiB
  [t7] (17/100) Mirzazade — 936ms, 249.2KiB
  [t7] (18/100) Tankara Assembly constituency — 814ms, 338.3KiB
  [t7] (19/100) Suring, Wisconsin — 1584ms, 358.5KiB
  [t7] (20/100) Paul Hudson (disambiguation) — 577ms, 229.5KiB
  [t7] (21/100) Land Reform Ordinance — 961ms, 50.5KiB
  [t7] (22/100) 1913 Flint Boroughs by-election — 1440ms, 341.2KiB
  [t7] (23/100) Origins of Australian rules football — 504ms, 396.0KiB
  [t7] (24/100) Caleb Orr — 556ms, 271.0KiB
  [t7] (25/100) Irish Payment Services Organisation — 983ms, 302.0KiB
  [t7] (26/100) Cayetano Santos Godino — 1255ms, 348.8KiB
  [t5] (27/100) Stegea eripalis — 10539ms, 71.6KiB
  [t7] (28/100) 2016 STRABAG Challenger Open — 622ms, 100.8KiB
  [t1] (29/100) Leonese wrestling — 10531ms, 89.7KiB
  [t7] (30/100) Treaty of Kyakhta (1727) — 1217ms, 350.5KiB
  [t7] (31/100) Sinoalaria — 769ms, 273.1KiB
  [t7] (32/100) Oliver Mack — 1100ms, 92.4KiB
  [t7] (33/100) Hydrolase — 509ms, 258.5KiB
  [t7] (34/100) Harold Sparkes — 608ms, 261.9KiB
  [t7] (35/100) Homalium patoklaense — 1909ms, 275.3KiB
  [t7] (36/100) Goniotropis — 1639ms, 181.5KiB
  [t7] (37/100) Martina Gasparovič Bezoušková — 1878ms, 312.2KiB
  [t5] (38/100) Foul (nautical) — 10409ms, 69.7KiB
  [t7] (39/100) George Roux — 1503ms, 280.4KiB
  [t1] (40/100) György Kepes — 10542ms, 111.5KiB
  [t7] (41/100) Royal Society of South Africa — 925ms, 289.1KiB
  [t7] (42/100) Mirosław Kubisztal — 652ms, 200.1KiB
  [t7] (43/100) Cautionary Tales for the Brave — 1249ms, 278.5KiB
  [t7] (44/100) Bugis+ — 1196ms, 357.0KiB
  [t6] (45/100) Gibbeting of John Haines and Thomas Clarke — 38104ms, 79.3KiB
  [t2] (46/100) Octomeria pinicola — 38107ms, 71.7KiB
  [t3] (47/100) Serginho Paulista (footballer, born 1980) — 26613ms, 89.5KiB
  [t4] (48/100) Billy Kahora — 26975ms, 81.6KiB
  [t0] (49/100) Martin Reef — 26417ms, 65.2KiB
  [t5] (50/100) Emergency childbirth — 6400ms, 245.2KiB
  [t1] (51/100) Hugh the Chanter — 4871ms, 85.6KiB
  [t7] (52/100) Konstantinos Stamoulis — 1615ms, 294.0KiB
  [t7] (53/100) Loch Lomond (band) — 1265ms, 186.5KiB
  [t7] (54/100) Utricularia leptorhyncha — 1149ms, 259.4KiB
  [t7] (55/100) Nelson County — 603ms, 247.6KiB
  [t7] (56/100) Magic Sword (band) — 456ms, 287.6KiB
  [t3] (57/100) Forty-fives — 4671ms, 151.4KiB
  [t7] (58/100) Astier Nicolas — 1494ms, 329.5KiB
  [t7] (59/100) Yuanbaoshan District — 1206ms, 116.4KiB
  [t7] (60/100) 2023 Japan women's national football team — 1150ms, 528.3KiB
  [t7] (61/100) Kangaroo (video on demand) — 553ms, 80.1KiB
  [t7] (62/100) 2015–16 KAA Gent season — 1194ms, 623.4KiB
  [t2] (63/100) The Tube (2012 TV series) — 10660ms, 89.4KiB
  [t0] (64/100) Badminton at the 2019 South Asian Games – Men's team — 10786ms, 148.1KiB
  [t4] (65/100) Overlook, Portland, Oregon — 10798ms, 104.2KiB
  [t1] (66/100) Rocklands Barbeque and Grilling Company — 10628ms, 72.7KiB
  [t4] (67/100) Crack Baby Athletic Association — 341ms, 85.9KiB
  [t7] (68/100) Nong Sala railway station — 1707ms, 368.8KiB
  [t5] (69/100) Nassau (crater) — 11231ms, 76.1KiB
  [t1] (70/100) Adysângela Moniz — 600ms, 68.9KiB
  [t4] (71/100) Diego Aravena — 834ms, 84.9KiB
  [t0] (72/100) Warrington (speedway) — 1190ms, 75.1KiB
  [t7] (73/100) Smerinthus cerisyi — 1310ms, 294.8KiB
  [t7] (74/100) Andrena runcinatae — 614ms, 258.1KiB
  [t6] (75/100) Potamotrygon magdalenae — 13685ms, 76.3KiB
  [t3] (76/100) Kiwi! — 9154ms, 66.0KiB
  [t0] (77/100) Euphorbia cremersii — 1846ms, 77.7KiB
  [t1] (78/100) Stånga — 2227ms, 117.8KiB
  [t5] (79/100) Colin Leo Bliss — 2468ms, 80.4KiB
  [t7] (80/100) Early Middle Ages — 805ms, 620.2KiB
  [t7] (81/100) Nature Iraq — 967ms, 294.2KiB
  [t7] (82/100) Vivandière — 393ms, 312.2KiB
  [t2] (83/100) Outeniqua Choo Tjoe — 4810ms, 126.3KiB
  [t7] (84/100) P. Prasad — 228ms, 194.9KiB
  [t7] (85/100) Bangkok Metro — 811ms, 50.4KiB
  [t2] (86/100) Tommy Coyle (footballer) — 1136ms, 71.2KiB
  [t7] (87/100) Zhang Huaixi — 246ms, 134.5KiB
  [t7] (88/100) 2024 Wiesbaden Tennis Open – Doubles — 632ms, 332.8KiB
  [t7] (89/100) Shijō — 741ms, 162.7KiB
  [t7] (90/100) St. Bartholomew Cathedral, Chillán — 1676ms, 325.5KiB
  [t3] (91/100) Ole J. Kvale — 6765ms, 135.8KiB
  [t1] (92/100) Madre (EP) — 6759ms, 103.9KiB
  [t7] (93/100) Henryk Minkiewicz — 951ms, 306.9KiB
  [t5] (94/100) Comes sacrarum largitionum — 7770ms, 107.7KiB
  [t2] (95/100) Alexander House (Salida, Colorado) — 5248ms, 96.2KiB
  [t0] (96/100) Swimming at the 1980 Summer Paralympics — 8046ms, 547.3KiB
  [t3] (97/100) 2015–16 Top 14 season — 1791ms, 563.1KiB
  [t1] (98/100) St Clair railway station — 10639ms, 99.2KiB
  [t6] (99/100) Temnitztal — 23021ms, 118.7KiB
  [t4] (100/100) Stojeszyn-Kolonia — 28187ms, 78.0KiB

=== summary ===
tabs:       8
success:    100/100
failed:     0
wall time:  78276ms
per-page:   mean 5216ms (single-tab latency)
throughput: 1.28 pages/sec
output dir: /Users/huydev/Desktop/velora/code-check/tmp/wikipedia-dump-chrome
total html: 20.79 MiB

[chrome exit] code=0 signal=null
       81.72 real        23.07 user         9.36 sys
           436731904  maximum resident set size
                   0  average shared memory size
                   0  average unshared data size
                   0  average unshared stack size
              844070  page reclaims
                1064  page faults
                   0  swaps
                   0  block input operations
                   0  block output operations
                2567  messages sent
                3227  messages received
                  18  signals received
                3782  voluntary context switches
              353647  involuntary context switches
          4272959173  instructions retired
          3504529845  cycles elapsed
            58806784  peak memory footprint
