[wiki] fetching 100 random en.wikipedia titles…
[wiki] got 100 titles in 698ms
[wiki] spawning 8 velora workers…
[wiki] 8 workers ready in 551ms
  [w3] (1/100) Plumb House (Clearwater, Florida) — 1731ms, 234.1KiB
  [w5] (2/100) Wanker (surname) — 1983ms, 239.1KiB
  [w7] (3/100) The Double Life of Mr. Alfred Burton (film) — 2107ms, 285.6KiB
  [w6] (4/100) Del (disambiguation) — 2163ms, 271.5KiB
  [w1] (5/100) Dhapdhup massacre — 2399ms, 284.4KiB
  [w2] (6/100) Himmat (1996 film) — 2525ms, 262.1KiB
  [w3] (7/100) Infinite Carcass — 924ms, 74.1KiB
  [w0] (8/100) 2019–20 Sunshine Tour — 2849ms, 321.8KiB
  [w5] (9/100) Richard Feldman — 1367ms, 251.4KiB
  [w2] (10/100) Hillsboro High School — 1536ms, 236.5KiB
  [w6] (11/100) Arthur Gooch (footballer) — 1967ms, 267.7KiB
  [w7] (12/100) Murder of Ben Kinsella — 2032ms, 417.9KiB
  [w5] (13/100) Listed buildings in Harwood Dale — 1537ms, 206.2KiB
  [w0] (14/100) Spot-breasted woodpecker — 2284ms, 318.7KiB
  [w1] (15/100) Two Yoo Project Sugar Man — 2816ms, 641.9KiB
  [w3] (16/100) Cedric Bonner — 2692ms, 65.8KiB
  [w2] (17/100) Sammo Hung — 1652ms, 444.9KiB
  [w0] (18/100) Pseudolaguvia viriosa — 1376ms, 277.7KiB
  [w2] (19/100) Boston Express — 1304ms, 273.1KiB
  [w1] (20/100) List of awards and nominations received by SM*SH — 2071ms, 337.6KiB
  [w3] (21/100) Danilo (footballer, born 1979) — 2229ms, 207.0KiB
  [w0] (22/100) Carolyn Geczy — 1785ms, 262.6KiB
  [w6] (23/100) Euthyrisellidae — 4210ms, 271.9KiB
  [w2] (24/100) Jedixson Páez — 2769ms, 281.1KiB
  [w1] (25/100) Napier Javelin — 2841ms, 276.1KiB
  [w2] (26/100) Yiannis Tridimas — 2154ms, 273.2KiB
  [w0] (27/100) List of mole-rats — 4123ms, 234.2KiB
  [w4] (28/100) Hannu Siitonen — 20010ms, 322.7KiB
  [w5] (29/100) Hoplostethus mikhailini — 17328ms, 73.2KiB
  [w7] (30/100) Helena Legido-Quigley — 19425ms, 296.8KiB
  [w3] (31/100) Haruthiun Abeljanz — 16891ms, 79.3KiB
  [w6] (32/100) Hellqvist — 16748ms, 255.6KiB
  [w1] (33/100) Cam Fraser — 15093ms, 268.4KiB
  [w0] (34/100) Svenska nyheter — 13228ms, 285.3KiB
  [w2] (35/100) Volagidemab — 13826ms, 255.7KiB
  [w4] (36/100) Yeni yol, Azerbaijan — 7570ms, 191.8KiB
  [w7] (37/100) Aisake Ó hAilpín — 4116ms, 311.2KiB
  [w4] (38/100) Wang Panyuan — 282ms, 70.7KiB
  [w3] (39/100) Starstruck — 3744ms, 62.1KiB
  [w5] (40/100) Dysart and Dundonald Pipe Band — 6767ms, 83.2KiB
  [w6] (41/100) Playas Lake — 4254ms, 180.0KiB
  [w7] (42/100) Rosenmeier (surname) — 1751ms, 251.9KiB
  [w2] (43/100) Flora Bramley — 3828ms, 280.1KiB
  [w1] (44/100) Pacific Mercury — 4389ms, 245.5KiB
  [w4] (45/100) Callistratus of Aphidnae — 1981ms, 94.5KiB
  [w0] (46/100) Emerging (film) — 4228ms, 276.7KiB
  [w6] (47/100) Shinbutsu kakuri — 1087ms, 83.5KiB
  [w3] (48/100) Solomon Pond Mall — 2668ms, 102.9KiB
  [w5] (49/100) Rumburak bellus — 2426ms, 276.4KiB
  [w2] (50/100) Ely Pouget — 1867ms, 278.5KiB
  [w0] (51/100) Liberal Democratic Alliance Party of Albania — 2134ms, 250.7KiB
  [w7] (52/100) Cirsium oleraceum — 2823ms, 312.1KiB
  [w4] (53/100) Charles de Bock — 2952ms, 265.6KiB
  [w3] (54/100) Mes Sungun FSC — 1948ms, 198.4KiB
  [w1] (55/100) Alias 'La Gringa' — 3237ms, 292.4KiB
  [w2] (56/100) Teav Aek — 1625ms, 256.6KiB
  [w6] (57/100) Brian Anunga — 2686ms, 290.3KiB
  [w5] (58/100) Echeta brunneireta — 1767ms, 255.7KiB
  [w0] (59/100) Alex Cross (character) — 1462ms, 327.9KiB
  [w3] (60/100) Institute of Physics (disambiguation) — 1527ms, 52.4KiB
  [w2] (61/100) André Lalande — 1533ms, 288.4KiB
  [w7] (62/100) Chapter One (Viking Skull EP) — 2625ms, 275.4KiB
  [w6] (63/100) Balkhash District — 1941ms, 218.7KiB
  [w5] (64/100) Abbasi Shaheed — 1920ms, 215.2KiB
  [w4] (65/100) Citrate test — 2348ms, 286.6KiB
  [w1] (66/100) 1951 Nemzeti Bajnokság I — 2414ms, 378.6KiB
  [w0] (67/100) Mistletoe (Natchez, Mississippi) — 1841ms, 213.1KiB
  [w3] (68/100) Top of the Park — 1280ms, 63.9KiB
  [w2] (69/100) Haludaria melanampyx — 1264ms, 283.4KiB
  [w0] (70/100) Gal Branch — 593ms, 68.6KiB
  [w5] (71/100) Streams of Thought, Vol. 2 — 844ms, 83.2KiB
  [w7] (72/100) Nobody's Diary — 1859ms, 342.4KiB
  [w3] (73/100) Taxis of Australia — 1317ms, 177.2KiB
  [w6] (74/100) Vermeijius retiarius — 1922ms, 75.4KiB
  [w0] (75/100) Harutaeographa caerulea — 1190ms, 70.8KiB
  [w1] (76/100) Oxborough v North Harbour Builders Ltd — 1958ms, 250.9KiB
  [w4] (77/100) The Ballinger Company — 2490ms, 393.1KiB
  [w2] (78/100) Nightshade (disambiguation) — 1884ms, 251.3KiB
  [w5] (79/100) V. K. Ramaswamy — 2021ms, 251.5KiB
  [w6] (80/100) Illah (disambiguation) — 1000ms, 51.2KiB
  [w0] (81/100) Genaro Magsaysay — 1352ms, 266.2KiB
  [w3] (82/100) Mark Taylor (curler) — 2182ms, 280.8KiB
  [w2] (83/100) Dropping in a Microgravity Environment — 1485ms, 251.9KiB
  [w7] (84/100) Lima (footballer, born 1999) — 2570ms, 285.7KiB
  [w4] (85/100) Visitors (play) — 1676ms, 264.8KiB
  [w0] (86/100) Ohio State University Ice Rink — 1272ms, 292.1KiB
  [w1] (87/100) List of place names of Polish origin in the United States — 2667ms, 431.0KiB
  [w6] (88/100) Saad bin Khalid Al Jabri — 2034ms, 323.0KiB
  [w5] (89/100) United States Post Office (Peekskill, New York) — 2620ms, 255.9KiB
  [w0] (90/100) Elsecar Main F.C. — 1180ms, 58.3KiB
  [w4] (91/100) HNO — 1704ms, 253.2KiB
  [w2] (92/100) Esben Esther Pirelli Benestad — 2018ms, 268.0KiB
  [w3] (93/100) 1988 NCAA Division II football season — 2253ms, 448.6KiB
  [w1] (94/100) Procalpurnus lacteus — 1760ms, 276.3KiB
  [w6] (95/100) Cluster-aware application — 1781ms, 266.3KiB
  [w5] (96/100) Parth (horse) — 1255ms, 104.0KiB
  [w7] (97/100) 1995 Arab Athletics Championships — 2829ms, 435.4KiB
  [w2] (98/100) 232nd Infantry Regiment — 1611ms, 297.7KiB
  [w4] (99/100) Lin An-ko — 1986ms, 387.4KiB
  [w0] (100/100) List of mayors of Ipswich Borough, Suffolk — 2159ms, 285.5KiB

=== summary ===
workers:    8
success:    100/100
failed:     0
wall time:  43057ms
per-page:   mean 3377ms (single-worker latency)
throughput: 2.32 pages/sec
output dir: /Users/huydev/Desktop/velora/code-check/tmp/wikipedia-dump
total html: 24.04 MiB
[wiki] shutting down workers…
       53.16 real        63.73 user         3.90 sys
           151781376  maximum resident set size
                   0  average shared memory size
                   0  average unshared data size
                   0  average unshared stack size
              262367  page reclaims
                   8  page faults
                   0  swaps
                   0  block input operations
                   0  block output operations
                5633  messages sent
               10070  messages received
                   0  signals received
                 410  voluntary context switches
              224022  involuntary context switches
          3246813676  instructions retired
          2536640058  cycles elapsed
            73305408  peak memory footprint
